// Jest Snapshot v1, https://goo.gl/fbAQLP

exports[`share should shareAppMessage via ShareButton 1`] = `
<DocumentFragment>
  <taro-button-core
    class=""
    id="taro:r0:"
    open-type="share"
  >
    <!---->
    ShareButton
  </taro-button-core>
</DocumentFragment>
`;
