// Jest Snapshot v1, https://goo.gl/fbAQLP

exports[`request should throw error when given invalid middleware usage: "call abort() after next()" 1`] = `"Cannot abort request after next()."`;

exports[`request should throw error when given invalid middleware usage: "call abort() before next()" 1`] = `"request aborted"`;

exports[`request should throw error when given invalid middleware usage: "call next() duplicated" 1`] = `"next() called multiple times"`;

exports[`request should throw error when given invalid middleware usage: "call replay() before next()" 1`] = `"Cannot replay request before next()."`;

exports[`request should throw error when given invalid middleware usage: "call set() after next()" 1`] = `"Cannot set request headers after next()."`;
