// Jest Snapshot v1, https://goo.gl/fbAQLP

exports[`systemInfo should SystemInfo toMatchSnapshot when getSystemInfo successfully 1`] = `
{
  "SDKVersion": "3.1.2",
  "albumAuthorized": true,
  "batteryLevel": 76,
  "benchmarkLevel": -1,
  "bluetoothAuthorized": true,
  "bluetoothEnabled": true,
  "brand": "devtools",
  "cameraAuthorized": false,
  "deviceOrientation": "portrait",
  "devicePixelRatio": 3,
  "enableDebug": false,
  "fontSizeScaleFactor": 1,
  "fontSizeSetting": 16,
  "host": {
    "env": "WeChat",
  },
  "isAndroid": false,
  "isDevtools": true,
  "isiOS": true,
  "isiPad": false,
  "isiPhoneX": true,
  "language": "zh_CN",
  "locationAuthorized": false,
  "locationEnabled": true,
  "locationReducedAccuracy": true,
  "memorySize": 2048,
  "menuButtonRect": {
    "bottom": 80,
    "height": 32,
    "left": 281,
    "right": 368,
    "top": 48,
    "width": 87,
  },
  "microphoneAuthorized": true,
  "mode": "default",
  "model": "iPhone X",
  "notificationAlertAuthorized": true,
  "notificationAuthorized": true,
  "notificationBadgeAuthorized": true,
  "notificationSoundAuthorized": true,
  "phoneCalendarAuthorized": false,
  "pixelRatio": 3,
  "platform": "devtools",
  "safeArea": {
    "bottom": 778,
    "height": 734,
    "left": 0,
    "right": 375,
    "top": 44,
    "width": 375,
  },
  "screenHeight": 812,
  "screenTop": 88,
  "screenWidth": 375,
  "statusBarHeight": 44,
  "system": "iOS 10.0.1",
  "version": "8.0.5",
  "wifiEnabled": true,
  "windowHeight": 724,
  "windowWidth": 375,
}
`;

exports[`systemInfo should the default SystemInfo toMatchSnapshot when getSystemInfo failed 1`] = `
{
  "SDKVersion": "",
  "benchmarkLevel": 0,
  "brand": "",
  "isAndroid": false,
  "isDevtools": false,
  "isiOS": false,
  "isiPad": false,
  "isiPhoneX": false,
  "language": "",
  "menuButtonRect": {
    "bottom": 0,
    "height": 0,
    "left": 0,
    "right": 0,
    "top": 0,
    "width": 0,
  },
  "model": "",
  "pixelRatio": 0,
  "platform": "",
  "safeArea": {
    "bottom": 0,
    "height": 0,
    "left": 0,
    "right": 0,
    "top": 0,
    "width": 0,
  },
  "screenHeight": 0,
  "screenWidth": 0,
  "statusBarHeight": 0,
  "system": "",
  "version": "",
  "windowHeight": 0,
  "windowWidth": 0,
}
`;
